// Jest Snapshot v1, https://goo.gl/fbAQLP

exports[`App component renders App 1`] = `
<BrowserRouter>
  <Switch>
    <Route
      component={[Function]}
      exact={true}
      path="/about"
    />
    <Route
      component={[Function]}
      exact={true}
      path="/"
    />
    <Route
      component={[Function]}
      exact={true}
      path="/:roomId/game"
    />
    <Route
      component={[Function]}
      exact={true}
      path="/:roomId/results"
    />
    <Route
      component={[Function]}
      path="/:roomId"
    />
  </Switch>
</BrowserRouter>
`;
